Microsoft Windows [Versión 10.0.16299.371]
(c) 2017 Microsoft Corporation. Todos los derechos reservados.

C:\Users\ÁNGELES CAMPOS ORTIZ>CD DOCUMENTOS
El sistema no puede encontrar la ruta especificada.

C:\Users\ÁNGELES CAMPOS ORTIZ>DIR
 El volumen de la unidad C no tiene etiqueta.
 El número de serie del volumen es: BE62-8CEF

 Directorio de C:\Users\ÁNGELES CAMPOS ORTIZ

04/05/2018  10:22 a. m.    <DIR>          .
04/05/2018  10:22 a. m.    <DIR>          ..
04/05/2018  10:22 a. m.    <DIR>          .vscode
13/04/2018  04:32 p. m.    <DIR>          3D Objects
12/01/2018  10:40 p. m.    <DIR>          Adobe Flash Builder 4.6
13/04/2018  04:32 p. m.    <DIR>          Contacts
02/05/2018  12:25 p. m.    <DIR>          Desktop
04/05/2018  09:50 a. m.    <DIR>          Documents
04/05/2018  10:35 a. m.    <DIR>          Downloads
13/04/2018  04:32 p. m.    <DIR>          Favorites
04/05/2018  09:44 a. m.    <DIR>          iCloudDrive
24/04/2018  10:48 p. m.    <DIR>          Links
13/04/2018  04:32 p. m.    <DIR>          Music
01/05/2018  02:42 p. m.    <DIR>          OneDrive
24/04/2018  10:47 p. m.    <DIR>          Pictures
13/04/2018  04:32 p. m.    <DIR>          Saved Games
13/04/2018  04:32 p. m.    <DIR>          Searches
16/02/2018  12:54 p. m.           279,120 SKYPE URIEL.docx
13/04/2018  04:32 p. m.    <DIR>          Videos
               1 archivos        279,120 bytes
              18 dirs  669,942,902,784 bytes libres

C:\Users\ÁNGELES CAMPOS ORTIZ>cd documents

C:\Users\ÁNGELES CAMPOS ORTIZ\Documents>dir
 El volumen de la unidad C no tiene etiqueta.
 El número de serie del volumen es: BE62-8CEF

 Directorio de C:\Users\ÁNGELES CAMPOS ORTIZ\Documents

04/05/2018  09:50 a. m.    <DIR>          .
04/05/2018  09:50 a. m.    <DIR>          ..
04/03/2018  12:26 a. m.    <DIR>          Adobe
04/05/2018  10:01 a. m.    <DIR>          ANGELES
24/04/2018  10:47 p. m.    <DIR>          Archivos de Outlook
24/01/2018  02:42 a. m.    <DIR>          Corel
12/01/2018  08:17 p. m.    <DIR>          Mis paletas
24/04/2018  11:53 p. m.    <DIR>          Plantillas personalizadas de Office
               0 archivos              0 bytes
               8 dirs  669,942,910,976 bytes libres

C:\Users\ÁNGELES CAMPOS ORTIZ\Documents>cd ANGELES

C:\Users\ÁNGELES CAMPOS ORTIZ\Documents\ANGELES>DIR
 El volumen de la unidad C no tiene etiqueta.
 El número de serie del volumen es: BE62-8CEF

 Directorio de C:\Users\ÁNGELES CAMPOS ORTIZ\Documents\ANGELES

04/05/2018  10:01 a. m.    <DIR>          .
04/05/2018  10:01 a. m.    <DIR>          ..
04/05/2018  10:01 a. m.               100 datos.txt
               1 archivos            100 bytes
               2 dirs  669,942,788,096 bytes libres

C:\Users\ÁNGELES CAMPOS ORTIZ\Documents\ANGELES>CD..7
El sistema no puede encontrar la ruta especificada.

C:\Users\ÁNGELES CAMPOS ORTIZ\Documents\ANGELES>CD..

C:\Users\ÁNGELES CAMPOS ORTIZ\Documents>cd ANGELES/.git
El sistema no puede encontrar la ruta especificada.

C:\Users\ÁNGELES CAMPOS ORTIZ\Documents>cd ANGELES

C:\Users\ÁNGELES CAMPOS ORTIZ\Documents\ANGELES>.git
".git" no se reconoce como un comando interno o externo,
programa o archivo por lotes ejecutable.

C:\Users\ÁNGELES CAMPOS ORTIZ\Documents\ANGELES>git status
fatal: not a git repository (or any of the parent directories): .git

C:\Users\ÁNGELES CAMPOS ORTIZ\Documents\ANGELES>git
usage: git [--version] [--help] [-C <path>] [-c <name>=<value>]
           [--exec-path[=<path>]] [--html-path] [--man-path] [--info-path]
           [-p | --paginate | --no-pager] [--no-replace-objects] [--bare]
           [--git-dir=<path>] [--work-tree=<path>] [--namespace=<name>]
           <command> [<args>]

These are common Git commands used in various situations:

start a working area (see also: git help tutorial)
   clone      Clone a repository into a new directory
   init       Create an empty Git repository or reinitialize an existing one

work on the current change (see also: git help everyday)
   add        Add file contents to the index
   mv         Move or rename a file, a directory, or a symlink
   reset      Reset current HEAD to the specified state
   rm         Remove files from the working tree and from the index

examine the history and state (see also: git help revisions)
   bisect     Use binary search to find the commit that introduced a bug
   grep       Print lines matching a pattern
   log        Show commit logs
   show       Show various types of objects
   status     Show the working tree status

grow, mark and tweak your common history
   branch     List, create, or delete branches
   checkout   Switch branches or restore working tree files
   commit     Record changes to the repository
   diff       Show changes between commits, commit and working tree, etc
   merge      Join two or more development histories together
   rebase     Reapply commits on top of another base tip
   tag        Create, list, delete or verify a tag object signed with GPG

collaborate (see also: git help workflows)
   fetch      Download objects and refs from another repository
   pull       Fetch from and integrate with another repository or a local branch
   push       Update remote refs along with associated objects

'git help -a' and 'git help -g' list available subcommands and some
concept guides. See 'git help <command>' or 'git help <concept>'
to read about a specific subcommand or concept.

C:\Users\ÁNGELES CAMPOS ORTIZ\Documents\ANGELES>git init
Initialized empty Git repository in C:/Users/ÁNGELES CAMPOS ORTIZ/Documents/ANGELES/.git/

C:\Users\ÁNGELES CAMPOS ORTIZ\Documents\ANGELES>git remote add origin https://github.com/ANGYCAMPOS/JUUJREPOSITORIO.git

C:\Users\ÁNGELES CAMPOS ORTIZ\Documents\ANGELES>git remote -v
origin  https://github.com/ANGYCAMPOS/JUUJREPOSITORIO.git (fetch)
origin  https://github.com/ANGYCAMPOS/JUUJREPOSITORIO.git (push)

C:\Users\ÁNGELES CAMPOS ORTIZ\Documents\ANGELES>git status
On branch master

No commits yet

Untracked files:
  (use "git add <file>..." to include in what will be committed)

        datos.txt

nothing added to commit but untracked files present (use "git add" to track)

C:\Users\ÁNGELES CAMPOS ORTIZ\Documents\ANGELES>git add datos.csv.txt
fatal: pathspec 'datos.csv.txt' did not match any files

C:\Users\ÁNGELES CAMPOS ORTIZ\Documents\ANGELES>ir
"ir" no se reconoce como un comando interno o externo,
programa o archivo por lotes ejecutable.

C:\Users\ÁNGELES CAMPOS ORTIZ\Documents\ANGELES>dir
 El volumen de la unidad C no tiene etiqueta.
 El número de serie del volumen es: BE62-8CEF

 Directorio de C:\Users\ÁNGELES CAMPOS ORTIZ\Documents\ANGELES

04/05/2018  11:04 a. m.    <DIR>          .
04/05/2018  11:04 a. m.    <DIR>          ..
04/05/2018  10:01 a. m.               100 datos.txt
               1 archivos            100 bytes
               2 dirs  669,923,901,440 bytes libres

C:\Users\ÁNGELES CAMPOS ORTIZ\Documents\ANGELES>git status
On branch master

No commits yet

Untracked files:
  (use "git add <file>..." to include in what will be committed)

        datos.txt

nothing added to commit but untracked files present (use "git add" to track)

C:\Users\ÁNGELES CAMPOS ORTIZ\Documents\ANGELES>git add datos.txt

C:\Users\ÁNGELES CAMPOS ORTIZ\Documents\ANGELES>git add datos.txt

C:\Users\ÁNGELES CAMPOS ORTIZ\Documents\ANGELES>git status
On branch master

No commits yet

Changes to be committed:
  (use "git rm --cached <file>..." to unstage)

        new file:   datos.txt


C:\Users\ÁNGELES CAMPOS ORTIZ\Documents\ANGELES>git commit -m "datos file initialized"

*** Please tell me who you are.

Run

  git config --global user.email "you@example.com"
  git config --global user.name "Your Name"

to set your account's default identity.
Omit --global to set the identity only in this repository.

fatal: unable to auto-detect email address (got 'ÁNGELES CAMPOS ORTIZ@JUUJ-CONSULTORES.(none)')

C:\Users\ÁNGELES CAMPOS ORTIZ\Documents\ANGELES> git config --global user.email "consu.image@hotmail.com"

C:\Users\ÁNGELES CAMPOS ORTIZ\Documents\ANGELES> git config --global user.name "ANGYCAMPOS"

C:\Users\ÁNGELES CAMPOS ORTIZ\Documents\ANGELES>git status
On branch master

No commits yet

Changes to be committed:
  (use "git rm --cached <file>..." to unstage)

        new file:   datos.txt


C:\Users\ÁNGELES CAMPOS ORTIZ\Documents\ANGELES>git commit -m"datos file initialized"
[master (root-commit) 874a8c8] datos file initialized
 1 file changed, 2 insertions(+)
 create mode 100644 datos.txt

C:\Users\ÁNGELES CAMPOS ORTIZ\Documents\ANGELES>git log
commit 874a8c8feeb6ff929956a4d897a63c81bfbbe2b8 (HEAD -> master)
Author: ANGYCAMPOS <consu.image@hotmail.com>
Date:   Fri May 4 11:31:15 2018 -0500

    datos file initialized

C:\Users\ÁNGELES CAMPOS ORTIZ\Documents\ANGELES>git push origin master
Counting objects: 3, done.
Delta compression using up to 8 threads.
Compressing objects: 100% (2/2), done.
Writing objects: 100% (3/3), 310 bytes | 310.00 KiB/s, done.
Total 3 (delta 0), reused 0 (delta 0)
To https://github.com/ANGYCAMPOS/JUUJREPOSITORIO.git
 * [new branch]      master -> master

C:\Users\ÁNGELES CAMPOS ORTIZ\Documents\ANGELES>git status
On branch master
Untracked files:
  (use "git add <file>..." to include in what will be committed)

        AG PIC.jpg
        pruebas 2.txt

nothing added to commit but untracked files present (use "git add" to track)

C:\Users\ÁNGELES CAMPOS ORTIZ\Documents\ANGELES>git add AG PIC pruebas
fatal: pathspec 'AG' did not match any files

C:\Users\ÁNGELES CAMPOS ORTIZ\Documents\ANGELES>status
"status" no se reconoce como un comando interno o externo,
programa o archivo por lotes ejecutable.

C:\Users\ÁNGELES CAMPOS ORTIZ\Documents\ANGELES>git status
On branch master
Untracked files:
  (use "git add <file>..." to include in what will be committed)

        AGPIC.jpg
        pruebas2.txt

nothing added to commit but untracked files present (use "git add" to track)

C:\Users\ÁNGELES CAMPOS ORTIZ\Documents\ANGELES>git add AGPIC pruebas2
fatal: pathspec 'AGPIC' did not match any files

C:\Users\ÁNGELES CAMPOS ORTIZ\Documents\ANGELES>git add AGPIC.jpg pruebas2.txt

C:\Users\ÁNGELES CAMPOS ORTIZ\Documents\ANGELES>status
"status" no se reconoce como un comando interno o externo,
programa o archivo por lotes ejecutable.

C:\Users\ÁNGELES CAMPOS ORTIZ\Documents\ANGELES>git status
On branch master
Changes to be committed:
  (use "git reset HEAD <file>..." to unstage)

        new file:   AGPIC.jpg
        new file:   pruebas2.txt


C:\Users\ÁNGELES CAMPOS ORTIZ\Documents\ANGELES>git commit -m
error: switch `m' requires a value
usage: git commit [<options>] [--] <pathspec>...

    -q, --quiet           suppress summary after successful commit
    -v, --verbose         show diff in commit message template

Commit message options
    -F, --file <file>     read message from file
    --author <author>     override author for commit
    --date <date>         override date for commit
    -m, --message <message>
                          commit message
    -c, --reedit-message <commit>
                          reuse and edit message from specified commit
    -C, --reuse-message <commit>
                          reuse message from specified commit
    --fixup <commit>      use autosquash formatted message to fixup specified commit
    --squash <commit>     use autosquash formatted message to squash specified commit
    --reset-author        the commit is authored by me now (used with -C/-c/--amend)
    -s, --signoff         add Signed-off-by:
    -t, --template <file>
                          use specified template file
    -e, --edit            force edit of commit
    --cleanup <default>   how to strip spaces and #comments from message
    --status              include status in commit message template
    -S, --gpg-sign[=<key-id>]
                          GPG sign commit

Commit contents options
    -a, --all             commit all changed files
    -i, --include         add specified files to index for commit
    --interactive         interactively add files
    -p, --patch           interactively add changes
    -o, --only            commit only specified files
    -n, --no-verify       bypass pre-commit and commit-msg hooks
    --dry-run             show what would be committed
    --short               show status concisely
    --branch              show branch information
    --ahead-behind        compute full ahead/behind values
    --porcelain           machine-readable output
    --long                show status in long format (default)
    -z, --null            terminate entries with NUL
    --amend               amend previous commit
    --no-post-rewrite     bypass post-rewrite hook
    -u, --untracked-files[=<mode>]
                          show untracked files, optional modes: all, normal, no. (Default: all)


C:\Users\ÁNGELES CAMPOS ORTIZ\Documents\ANGELES>git commit -m "modificando archivos"
[master de7c711] modificando archivos
 2 files changed, 1 insertion(+)
 create mode 100644 AGPIC.jpg
 create mode 100644 pruebas2.txt

C:\Users\ÁNGELES CAMPOS ORTIZ\Documents\ANGELES>git log -p
commit de7c71172bd5e2b905ef7bcb5a15cd05421b4fa1 (HEAD -> master)
Author: ANGYCAMPOS <consu.image@hotmail.com>
Date:   Fri May 4 12:24:50 2018 -0500

    modificando archivos

diff --git a/AGPIC.jpg b/AGPIC.jpg
new file mode 100644
index 0000000..1780be7
Binary files /dev/null and b/AGPIC.jpg differ
diff --git a/pruebas2.txt b/pruebas2.txt
new file mode 100644
index 0000000..f3e4b39
--- /dev/null
+++ b/pruebas2.txt
@@ -0,0 +1 @@
+Esta es la prueba de modificacion de datos para la vinculacion de editor visual, y el crear el enlace con git
\ No newline at end of file

commit 874a8c8feeb6ff929956a4d897a63c81bfbbe2b8 (origin/master)
Author: ANGYCAMPOS <consu.image@hotmail.com>
Date:   Fri May 4 11:31:15 2018 -0500

    datos file initialized

diff --git a/datos.txt b/datos.txt
new file mode 100644
index 0000000..e310620
--- /dev/null
+++ b/datos.txt
@@ -0,0 +1,2 @@
+nombre, primer apellido, segundo apellido, edad, color favorito
+angeles, campos, ortiz, 47, plata

C:\Users\ÁNGELES CAMPOS ORTIZ\Documents\ANGELES>git status
On branch master
Untracked files:
  (use "git add <file>..." to include in what will be committed)

        pruebas3.txt

nothing added to commit but untracked files present (use "git add" to track)

C:\Users\ÁNGELES CAMPOS ORTIZ\Documents\ANGELES>git add pruebas3.txt

C:\Users\ÁNGELES CAMPOS ORTIZ\Documents\ANGELES>git commit -m "modificando archivos2"
[master a01efa4] modificando archivos2
 1 file changed, 0 insertions(+), 0 deletions(-)
 create mode 100644 pruebas3.txt

C:\Users\ÁNGELES CAMPOS ORTIZ\Documents\ANGELES>git log -p
commit a01efa472a155c01bdefb1a52af384e6210e3d1b (HEAD -> master)
Author: ANGYCAMPOS <consu.image@hotmail.com>
Date:   Fri May 4 12:45:41 2018 -0500

    modificando archivos2

diff --git a/pruebas3.txt b/pruebas3.txt
new file mode 100644
index 0000000..e69de29

commit de7c71172bd5e2b905ef7bcb5a15cd05421b4fa1
Author: ANGYCAMPOS <consu.image@hotmail.com>
Date:   Fri May 4 12:24:50 2018 -0500

    modificando archivos

diff --git a/AGPIC.jpg b/AGPIC.jpg
new file mode 100644
index 0000000..1780be7
Binary files /dev/null and b/AGPIC.jpg differ
diff --git a/pruebas2.txt b/pruebas2.txt
new file mode 100644
index 0000000..f3e4b39
--- /dev/null
+++ b/pruebas2.txt
@@ -0,0 +1 @@
+Esta es la prueba de modificacion de datos para la vinculacion de editor visual, y el crear el enlace con git
\ No newline at end of file

commit 874a8c8feeb6ff929956a4d897a63c81bfbbe2b8 (origin/master)
Author: ANGYCAMPOS <consu.image@hotmail.com>
Date:   Fri May 4 11:31:15 2018 -0500

    datos file initialized

diff --git a/datos.txt b/datos.txt
new file mode 100644
index 0000000..e310620
--- /dev/null
+++ b/datos.txt
@@ -0,0 +1,2 @@
+nombre, primer apellido, segundo apellido, edad, color favorito
+angeles, campos, ortiz, 47, plata

C:\Users\ÁNGELES CAMPOS ORTIZ\Documents\ANGELES>git status
On branch master
nothing to commit, working tree clean

C:\Users\ÁNGELES CAMPOS ORTIZ\Documents\ANGELES>git status
On branch master
nothing to commit, working tree clean

C:\Users\ÁNGELES CAMPOS ORTIZ\Documents\ANGELES>git commit -m "tercer archivo creado"
On branch master
nothing to commit, working tree clean

C:\Users\ÁNGELES CAMPOS ORTIZ\Documents\ANGELES>dir
 El volumen de la unidad C no tiene etiqueta.
 El número de serie del volumen es: BE62-8CEF

 Directorio de C:\Users\ÁNGELES CAMPOS ORTIZ\Documents\ANGELES

04/05/2018  12:38 p. m.    <DIR>          .
04/05/2018  12:38 p. m.    <DIR>          ..
04/05/2018  12:12 p. m.             6,234 AGPIC.jpg
04/05/2018  10:01 a. m.               100 datos.txt
04/05/2018  12:11 p. m.               109 pruebas2.txt
04/05/2018  12:38 p. m.                 0 pruebas3.txt
               4 archivos          6,443 bytes
               2 dirs  671,172,657,152 bytes libres

C:\Users\ÁNGELES CAMPOS ORTIZ\Documents\ANGELES>git status
On branch master
Untracked files:
  (use "git add <file>..." to include in what will be committed)

        FLACA.jpg

nothing added to commit but untracked files present (use "git add" to track)

C:\Users\ÁNGELES CAMPOS ORTIZ\Documents\ANGELES>git commit -m "tercer archivo creado"cuarto archivo creado"
error: pathspec 'archivo' did not match any file(s) known to git.
error: pathspec 'creado' did not match any file(s) known to git.

C:\Users\ÁNGELES CAMPOS ORTIZ\Documents\ANGELES>git add FLACA.jpg

C:\Users\ÁNGELES CAMPOS ORTIZ\Documents\ANGELES>git commit -m "tercer archivo creado"cuarto archivo creado"
error: pathspec 'archivo' did not match any file(s) known to git.
error: pathspec 'creado' did not match any file(s) known to git.

C:\Users\ÁNGELES CAMPOS ORTIZ\Documents\ANGELES>git log -p
commit a01efa472a155c01bdefb1a52af384e6210e3d1b (HEAD -> master)
Author: ANGYCAMPOS <consu.image@hotmail.com>
Date:   Fri May 4 12:45:41 2018 -0500

    modificando archivos2

diff --git a/pruebas3.txt b/pruebas3.txt
new file mode 100644
index 0000000..e69de29

commit de7c71172bd5e2b905ef7bcb5a15cd05421b4fa1
Author: ANGYCAMPOS <consu.image@hotmail.com>
Date:   Fri May 4 12:24:50 2018 -0500

    modificando archivos

diff --git a/AGPIC.jpg b/AGPIC.jpg
new file mode 100644
index 0000000..1780be7
Binary files /dev/null and b/AGPIC.jpg differ
diff --git a/pruebas2.txt b/pruebas2.txt
new file mode 100644
index 0000000..f3e4b39
--- /dev/null
+++ b/pruebas2.txt
@@ -0,0 +1 @@
+Esta es la prueba de modificacion de datos para la vinculacion de editor visual, y el crear el enlace con git
\ No newline at end of file

commit 874a8c8feeb6ff929956a4d897a63c81bfbbe2b8 (origin/master)
Author: ANGYCAMPOS <consu.image@hotmail.com>
Date:   Fri May 4 11:31:15 2018 -0500

    datos file initialized

diff --git a/datos.txt b/datos.txt
new file mode 100644
index 0000000..e310620
--- /dev/null
+++ b/datos.txt
@@ -0,0 +1,2 @@
+nombre, primer apellido, segundo apellido, edad, color favorito
+angeles, campos, ortiz, 47, plata

C:\Users\ÁNGELES CAMPOS ORTIZ\Documents\ANGELES>git push origin master
Counting objects: 7, done.
Delta compression using up to 8 threads.
Compressing objects: 100% (6/6), done.
Writing objects: 100% (7/7), 6.67 KiB | 3.34 MiB/s, done.
Total 7 (delta 1), reused 0 (delta 0)
remote: Resolving deltas: 100% (1/1), done.
To https://github.com/ANGYCAMPOS/JUUJREPOSITORIO.git
   874a8c8..a01efa4  master -> master

C:\Users\ÁNGELES CAMPOS ORTIZ\Documents\ANGELES>
